// Jest Snapshot v1, https://goo.gl/fbAQLP

exports[`unit testing using snapshots tests the snapshot 1`] = `
"{
}"
`;
